{
  "version": "1.5.0",
  "plugins_used": [
    {
      "name": "ArtifactoryDetector"
    },
    {
      "name": "AWSKeyDetector"
    },
    {
      "name": "AzureStorageKeyDetector"
    },
    {
      "name": "Base64HighEntropyString",
      "limit": 4.5
    },
    {
      "name": "BasicAuthDetector"
    },
    {
      "name": "CloudantDetector"
    },
    {
      "name": "DiscordBotTokenDetector"
    },
    {
      "name": "GitHubTokenDetector"
    },
    {
      "name": "GitLabTokenDetector"
    },
    {
      "name": "HexHighEntropyString",
      "limit": 3.0
    },
    {
      "name": "IbmCloudIamDetector"
    },
    {
      "name": "IbmCosHmacDetector"
    },
    {
      "name": "IPPublicDetector"
    },
    {
      "name": "JwtTokenDetector"
    },
    {
      "name": "KeywordDetector",
      "keyword_exclude": ""
    },
    {
      "name": "MailchimpDetector"
    },
    {
      "name": "NpmDetector"
    },
    {
      "name": "OpenAIDetector"
    },
    {
      "name": "PrivateKeyDetector"
    },
    {
      "name": "PypiTokenDetector"
    },
    {
      "name": "SendGridDetector"
    },
    {
      "name": "SlackDetector"
    },
    {
      "name": "SoftlayerDetector"
    },
    {
      "name": "SquareOAuthDetector"
    },
    {
      "name": "StripeDetector"
    },
    {
      "name": "TelegramBotTokenDetector"
    },
    {
      "name": "TwilioKeyDetector"
    }
  ],
  "filters_used": [
    {
      "path": "detect_secrets.filters.allowlist.is_line_allowlisted"
    },
    {
      "path": "detect_secrets.filters.common.is_baseline_file",
      "filename": ".secrets.baseline"
    },
    {
      "path": "detect_secrets.filters.heuristic.is_indirect_reference"
    },
    {
      "path": "detect_secrets.filters.heuristic.is_likely_id_string"
    },
    {
      "path": "detect_secrets.filters.heuristic.is_lock_file"
    },
    {
      "path": "detect_secrets.filters.heuristic.is_not_alphanumeric_string"
    },
    {
      "path": "detect_secrets.filters.heuristic.is_potential_uuid"
    },
    {
      "path": "detect_secrets.filters.heuristic.is_prefixed_with_dollar_sign"
    },
    {
      "path": "detect_secrets.filters.heuristic.is_sequential_string"
    },
    {
      "path": "detect_secrets.filters.heuristic.is_swagger_file"
    },
    {
      "path": "detect_secrets.filters.heuristic.is_templated_secret"
    }
  ],
  "results": {
    ".github/workflows/ci.yml": [
      {
        "type": "Secret Keyword",
        "filename": ".github/workflows/ci.yml",
        "hashed_secret": "d4b2597ec52fa05b02ed6a3d8cb1b6a0d8f6e6ec",
        "is_verified": false,
        "line_number": 18
      },
      {
        "type": "Basic Auth Credentials",
        "filename": ".github/workflows/ci.yml",
        "hashed_secret": "d4b2597ec52fa05b02ed6a3d8cb1b6a0d8f6e6ec",
        "is_verified": false,
        "line_number": 32
      },
      {
        "type": "Secret Keyword",
        "filename": ".github/workflows/ci.yml",
        "hashed_secret": "18ab34fe6f5bf399cd27239ea99ad0dea7be38dd",
        "is_verified": false,
        "line_number": 34
      }
    ],
    "README.md": [
      {
        "type": "Secret Keyword",
        "filename": "README.md",
        "hashed_secret": "b48cf0140bea12734db05ebcdb012f1d265bed84",
        "is_verified": false,
        "line_number": 88
      },
      {
        "type": "Basic Auth Credentials",
        "filename": "README.md",
        "hashed_secret": "4c7b511054632890c495231e15364b45a114a64d",
        "is_verified": false,
        "line_number": 457
      }
    ],
    "backend/.env.example": [
      {
        "type": "Basic Auth Credentials",
        "filename": "backend/.env.example",
        "hashed_secret": "4c7b511054632890c495231e15364b45a114a64d",
        "is_verified": false,
        "line_number": 8
      },
      {
        "type": "Basic Auth Credentials",
        "filename": "backend/.env.example",
        "hashed_secret": "eeb6429fa0bd3112662a81446c795f90e2207191",
        "is_verified": false,
        "line_number": 9
      }
    ],
    "backend/.env.prod.example": [
      {
        "type": "Basic Auth Credentials",
        "filename": "backend/.env.prod.example",
        "hashed_secret": "3222ca7dfc8869069569d1447dfd9724187268aa",
        "is_verified": false,
        "line_number": 4
      },
      {
        "type": "Basic Auth Credentials",
        "filename": "backend/.env.prod.example",
        "hashed_secret": "4c39653e87a0bad98897585ad78e0c61563ed25d",
        "is_verified": false,
        "line_number": 5
      }
    ],
    "backend/alembic.ini": [
      {
        "type": "Basic Auth Credentials",
        "filename": "backend/alembic.ini",
        "hashed_secret": "9d4e1e23bd5b727046a9e3b4b7db57bd8d6ee684",
        "is_verified": false,
        "line_number": 89
      }
    ],
    "backend/alembic/versions/0f4d3c2b1a9e_add_project_api_keys.py": [
      {
        "type": "Hex High Entropy String",
        "filename": "backend/alembic/versions/0f4d3c2b1a9e_add_project_api_keys.py",
        "hashed_secret": "f84a665eecb518f9358f4888193b261a707d48d3",
        "is_verified": false,
        "line_number": 16
      },
      {
        "type": "Hex High Entropy String",
        "filename": "backend/alembic/versions/0f4d3c2b1a9e_add_project_api_keys.py",
        "hashed_secret": "cd5d9610001d105693776a692d95782f4ca4f41b",
        "is_verified": false,
        "line_number": 17
      }
    ],
    "backend/alembic/versions/2e6a4d9c8b10_add_payload_privacy_settings.py": [
      {
        "type": "Hex High Entropy String",
        "filename": "backend/alembic/versions/2e6a4d9c8b10_add_payload_privacy_settings.py",
        "hashed_secret": "59bad807ed5ffdb934fecfc6cf757a061c11277c",
        "is_verified": false,
        "line_number": 16
      },
      {
        "type": "Hex High Entropy String",
        "filename": "backend/alembic/versions/2e6a4d9c8b10_add_payload_privacy_settings.py",
        "hashed_secret": "f84a665eecb518f9358f4888193b261a707d48d3",
        "is_verified": false,
        "line_number": 17
      }
    ],
    "backend/alembic/versions/3b9f1a2c4d6e_force_rls_on_trace_tables.py": [
      {
        "type": "Hex High Entropy String",
        "filename": "backend/alembic/versions/3b9f1a2c4d6e_force_rls_on_trace_tables.py",
        "hashed_secret": "8e045f947e3bc55c3db907c6cb99ce751fb8027d",
        "is_verified": false,
        "line_number": 14
      },
      {
        "type": "Hex High Entropy String",
        "filename": "backend/alembic/versions/3b9f1a2c4d6e_force_rls_on_trace_tables.py",
        "hashed_secret": "c351fa63edf43a5998300c24588fc38091bf2b9d",
        "is_verified": false,
        "line_number": 15
      }
    ],
    "backend/alembic/versions/4a6c9d2e1f03_add_failed_task_scope.py": [
      {
        "type": "Hex High Entropy String",
        "filename": "backend/alembic/versions/4a6c9d2e1f03_add_failed_task_scope.py",
        "hashed_secret": "84a123da205fb0d713e2c967d2acb054d7860ce7",
        "is_verified": false,
        "line_number": 16
      },
      {
        "type": "Hex High Entropy String",
        "filename": "backend/alembic/versions/4a6c9d2e1f03_add_failed_task_scope.py",
        "hashed_secret": "435ce18133046468ea1d71e661cdaf0c9ac50f88",
        "is_verified": false,
        "line_number": 17
      }
    ],
    "backend/alembic/versions/6d4b8a2e9c11_add_audit_log_id_sequence.py": [
      {
        "type": "Hex High Entropy String",
        "filename": "backend/alembic/versions/6d4b8a2e9c11_add_audit_log_id_sequence.py",
        "hashed_secret": "c351fa63edf43a5998300c24588fc38091bf2b9d",
        "is_verified": false,
        "line_number": 14
      },
      {
        "type": "Hex High Entropy String",
        "filename": "backend/alembic/versions/6d4b8a2e9c11_add_audit_log_id_sequence.py",
        "hashed_secret": "59bad807ed5ffdb934fecfc6cf757a061c11277c",
        "is_verified": false,
        "line_number": 15
      }
    ],
    "backend/alembic/versions/7c1f2e8a9b34_add_default_trace_span_partitions.py": [
      {
        "type": "Hex High Entropy String",
        "filename": "backend/alembic/versions/7c1f2e8a9b34_add_default_trace_span_partitions.py",
        "hashed_secret": "435ce18133046468ea1d71e661cdaf0c9ac50f88",
        "is_verified": false,
        "line_number": 14
      }
    ],
    "backend/alembic/versions/891391a704b3_initial_schema.py": [
      {
        "type": "Hex High Entropy String",
        "filename": "backend/alembic/versions/891391a704b3_initial_schema.py",
        "hashed_secret": "efe069b8d3df75f966a4458e324dd17e3e294263",
        "is_verified": false,
        "line_number": 17
      }
    ],
    "backend/alembic/versions/8f2c1d4e9a7b_add_project_memberships.py": [
      {
        "type": "Hex High Entropy String",
        "filename": "backend/alembic/versions/8f2c1d4e9a7b_add_project_memberships.py",
        "hashed_secret": "3d00b69da477c7a44521dcd5df6ee9634f35f58e",
        "is_verified": false,
        "line_number": 16
      },
      {
        "type": "Hex High Entropy String",
        "filename": "backend/alembic/versions/8f2c1d4e9a7b_add_project_memberships.py",
        "hashed_secret": "8e045f947e3bc55c3db907c6cb99ce751fb8027d",
        "is_verified": false,
        "line_number": 17
      }
    ],
    "backend/alembic/versions/9d8c7b6a5f4e_add_user_invites.py": [
      {
        "type": "Hex High Entropy String",
        "filename": "backend/alembic/versions/9d8c7b6a5f4e_add_user_invites.py",
        "hashed_secret": "cd5d9610001d105693776a692d95782f4ca4f41b",
        "is_verified": false,
        "line_number": 16
      },
      {
        "type": "Hex High Entropy String",
        "filename": "backend/alembic/versions/9d8c7b6a5f4e_add_user_invites.py",
        "hashed_secret": "84a123da205fb0d713e2c967d2acb054d7860ce7",
        "is_verified": false,
        "line_number": 17
      }
    ],
    "backend/alembic/versions/a1b2c3d4e5f6_add_payload_storage_status.py": [
      {
        "type": "Hex High Entropy String",
        "filename": "backend/alembic/versions/a1b2c3d4e5f6_add_payload_storage_status.py",
        "hashed_secret": "ef678205593788329ff416ce5c65fa04f33a05bd",
        "is_verified": false,
        "line_number": 16
      },
      {
        "type": "Hex High Entropy String",
        "filename": "backend/alembic/versions/a1b2c3d4e5f6_add_payload_storage_status.py",
        "hashed_secret": "5b8b7a611fb4d5665c9e428bee5e92a383344fd4",
        "is_verified": false,
        "line_number": 17
      }
    ],
    "backend/alembic/versions/b1c2d3e4f5a6_add_idempotency_records.py": [
      {
        "type": "Hex High Entropy String",
        "filename": "backend/alembic/versions/b1c2d3e4f5a6_add_idempotency_records.py",
        "hashed_secret": "67e71f59c479818d8d271427edeaee49eae77ffe",
        "is_verified": false,
        "line_number": 17
      },
      {
        "type": "Hex High Entropy String",
        "filename": "backend/alembic/versions/b1c2d3e4f5a6_add_idempotency_records.py",
        "hashed_secret": "ef678205593788329ff416ce5c65fa04f33a05bd",
        "is_verified": false,
        "line_number": 18
      }
    ],
    "backend/alembic/versions/bf79868b5f76_add_rls_policies.py": [
      {
        "type": "Hex High Entropy String",
        "filename": "backend/alembic/versions/bf79868b5f76_add_rls_policies.py",
        "hashed_secret": "a47f10848af7e1c4efcecddced3480a6063e3c7a",
        "is_verified": false,
        "line_number": 15
      }
    ],
    "backend/alembic/versions/c2d3e4f5a6b7_add_outbox_events.py": [
      {
        "type": "Hex High Entropy String",
        "filename": "backend/alembic/versions/c2d3e4f5a6b7_add_outbox_events.py",
        "hashed_secret": "a25d3ab3a62142e06a5940fb9eac04c77bec7919",
        "is_verified": false,
        "line_number": 17
      },
      {
        "type": "Hex High Entropy String",
        "filename": "backend/alembic/versions/c2d3e4f5a6b7_add_outbox_events.py",
        "hashed_secret": "67e71f59c479818d8d271427edeaee49eae77ffe",
        "is_verified": false,
        "line_number": 18
      }
    ],
    "backend/alembic/versions/c7e4a9b2d135_add_invite_project_assignments.py": [
      {
        "type": "Hex High Entropy String",
        "filename": "backend/alembic/versions/c7e4a9b2d135_add_invite_project_assignments.py",
        "hashed_secret": "8538fc97c1bf643f7c62ffd8e9b16466f0a92ddf",
        "is_verified": false,
        "line_number": 17
      },
      {
        "type": "Hex High Entropy String",
        "filename": "backend/alembic/versions/c7e4a9b2d135_add_invite_project_assignments.py",
        "hashed_secret": "3d00b69da477c7a44521dcd5df6ee9634f35f58e",
        "is_verified": false,
        "line_number": 18
      }
    ],
    "backend/alembic/versions/d4e5f6a7b8c9_runtime_database_role_grants.py": [
      {
        "type": "Hex High Entropy String",
        "filename": "backend/alembic/versions/d4e5f6a7b8c9_runtime_database_role_grants.py",
        "hashed_secret": "9d7711abfa1f07e829f8ffd195f6679b8327ecf7",
        "is_verified": false,
        "line_number": 18
      },
      {
        "type": "Hex High Entropy String",
        "filename": "backend/alembic/versions/d4e5f6a7b8c9_runtime_database_role_grants.py",
        "hashed_secret": "8538fc97c1bf643f7c62ffd8e9b16466f0a92ddf",
        "is_verified": false,
        "line_number": 19
      }
    ],
    "backend/alembic/versions/d8e7f6a5b4c3_add_platform_admin_capability.py": [
      {
        "type": "Hex High Entropy String",
        "filename": "backend/alembic/versions/d8e7f6a5b4c3_add_platform_admin_capability.py",
        "hashed_secret": "778d18c6935fd100f01c857746a62bcc8a779e32",
        "is_verified": false,
        "line_number": 16
      },
      {
        "type": "Hex High Entropy String",
        "filename": "backend/alembic/versions/d8e7f6a5b4c3_add_platform_admin_capability.py",
        "hashed_secret": "a25d3ab3a62142e06a5940fb9eac04c77bec7919",
        "is_verified": false,
        "line_number": 17
      }
    ],
    "backend/alembic/versions/e5f6a7b8c9d0_null_safe_rls_project_context.py": [
      {
        "type": "Hex High Entropy String",
        "filename": "backend/alembic/versions/e5f6a7b8c9d0_null_safe_rls_project_context.py",
        "hashed_secret": "5b8b7a611fb4d5665c9e428bee5e92a383344fd4",
        "is_verified": false,
        "line_number": 14
      },
      {
        "type": "Hex High Entropy String",
        "filename": "backend/alembic/versions/e5f6a7b8c9d0_null_safe_rls_project_context.py",
        "hashed_secret": "9d7711abfa1f07e829f8ffd195f6679b8327ecf7",
        "is_verified": false,
        "line_number": 15
      }
    ],
    "backend/alembic/versions/f37d7ee64540_add_alert_tables.py": [
      {
        "type": "Hex High Entropy String",
        "filename": "backend/alembic/versions/f37d7ee64540_add_alert_tables.py",
        "hashed_secret": "a47f10848af7e1c4efcecddced3480a6063e3c7a",
        "is_verified": false,
        "line_number": 16
      },
      {
        "type": "Hex High Entropy String",
        "filename": "backend/alembic/versions/f37d7ee64540_add_alert_tables.py",
        "hashed_secret": "efe069b8d3df75f966a4458e324dd17e3e294263",
        "is_verified": false,
        "line_number": 17
      }
    ],
    "backend/app/core/auth.py": [
      {
        "type": "Secret Keyword",
        "filename": "backend/app/core/auth.py",
        "hashed_secret": "7e11adc67bac90de5add9de6a5417692dc9eab58",
        "is_verified": false,
        "line_number": 110
      }
    ],
    "backend/app/core/config.py": [
      {
        "type": "Basic Auth Credentials",
        "filename": "backend/app/core/config.py",
        "hashed_secret": "cf2631db3bb39f3f327353c465eb843ee506aabe",
        "is_verified": false,
        "line_number": 40
      }
    ],
    "backend/app/schemas/projects.py": [
      {
        "type": "Secret Keyword",
        "filename": "backend/app/schemas/projects.py",
        "hashed_secret": "7e11adc67bac90de5add9de6a5417692dc9eab58",
        "is_verified": false,
        "line_number": 74
      }
    ],
    "backend/tests/integration/test_api_key_policies.py": [
      {
        "type": "Secret Keyword",
        "filename": "backend/tests/integration/test_api_key_policies.py",
        "hashed_secret": "c4a478ea5403fd20d340f65570383ebcf5189c83",
        "is_verified": false,
        "line_number": 158
      },
      {
        "type": "Secret Keyword",
        "filename": "backend/tests/integration/test_api_key_policies.py",
        "hashed_secret": "fd4cc3fea26ab626caca559011d4f0df6e40bb65",
        "is_verified": false,
        "line_number": 208
      },
      {
        "type": "Secret Keyword",
        "filename": "backend/tests/integration/test_api_key_policies.py",
        "hashed_secret": "062c3cc253b86dd6dbf5aaa3204178fde0df7e64",
        "is_verified": false,
        "line_number": 228
      }
    ],
    "backend/tests/integration/test_auth_api.py": [
      {
        "type": "Secret Keyword",
        "filename": "backend/tests/integration/test_auth_api.py",
        "hashed_secret": "dd606cd49bbbd06b4c2606fc2449f8fb87975786",
        "is_verified": false,
        "line_number": 29
      }
    ],
    "backend/tests/integration/test_failed_tasks_api.py": [
      {
        "type": "Secret Keyword",
        "filename": "backend/tests/integration/test_failed_tasks_api.py",
        "hashed_secret": "e5e9fa1ba31ecd1ae84f75caaa474f3a663f05f4",
        "is_verified": false,
        "line_number": 87
      }
    ],
    "backend/tests/integration/test_migration_smoke.py": [
      {
        "type": "Hex High Entropy String",
        "filename": "backend/tests/integration/test_migration_smoke.py",
        "hashed_secret": "5b8b7a611fb4d5665c9e428bee5e92a383344fd4",
        "is_verified": false,
        "line_number": 20
      },
      {
        "type": "Secret Keyword",
        "filename": "backend/tests/integration/test_migration_smoke.py",
        "hashed_secret": "98a78c212b37fae228f2d7686670c8ba9e485cb5",
        "is_verified": false,
        "line_number": 330
      }
    ],
    "backend/tests/integration/test_otlp_api.py": [
      {
        "type": "Hex High Entropy String",
        "filename": "backend/tests/integration/test_otlp_api.py",
        "hashed_secret": "0a24796d4c71ce722a92f450f69dc36c60b21de4",
        "is_verified": false,
        "line_number": 85
      },
      {
        "type": "Hex High Entropy String",
        "filename": "backend/tests/integration/test_otlp_api.py",
        "hashed_secret": "8750a512f22c55598175aee8790ae2470ec88d16",
        "is_verified": false,
        "line_number": 243
      }
    ],
    "backend/tests/integration/test_payload_privacy.py": [
      {
        "type": "Secret Keyword",
        "filename": "backend/tests/integration/test_payload_privacy.py",
        "hashed_secret": "dff6d4ff5dc357cf451d1855ab9cbda562645c9f",
        "is_verified": false,
        "line_number": 105
      },
      {
        "type": "Secret Keyword",
        "filename": "backend/tests/integration/test_payload_privacy.py",
        "hashed_secret": "6af3c121ed4a752936c297cddfb7b00394eabf10",
        "is_verified": false,
        "line_number": 109
      },
      {
        "type": "Secret Keyword",
        "filename": "backend/tests/integration/test_payload_privacy.py",
        "hashed_secret": "e5e9fa1ba31ecd1ae84f75caaa474f3a663f05f4",
        "is_verified": false,
        "line_number": 252
      },
      {
        "type": "Secret Keyword",
        "filename": "backend/tests/integration/test_payload_privacy.py",
        "hashed_secret": "62835083cb2e339781122945769f37232f9366e4",
        "is_verified": false,
        "line_number": 372
      }
    ],
    "backend/tests/integration/test_project_access_enforcement.py": [
      {
        "type": "Secret Keyword",
        "filename": "backend/tests/integration/test_project_access_enforcement.py",
        "hashed_secret": "908ac152e54bb4ec31cc1d7d5b186da7a42f9568",
        "is_verified": false,
        "line_number": 64
      }
    ],
    "backend/tests/integration/test_projects_api.py": [
      {
        "type": "Secret Keyword",
        "filename": "backend/tests/integration/test_projects_api.py",
        "hashed_secret": "dd606cd49bbbd06b4c2606fc2449f8fb87975786",
        "is_verified": false,
        "line_number": 16
      },
      {
        "type": "Secret Keyword",
        "filename": "backend/tests/integration/test_projects_api.py",
        "hashed_secret": "908ac152e54bb4ec31cc1d7d5b186da7a42f9568",
        "is_verified": false,
        "line_number": 45
      }
    ],
    "backend/tests/integration/test_users_api.py": [
      {
        "type": "Secret Keyword",
        "filename": "backend/tests/integration/test_users_api.py",
        "hashed_secret": "f3ba381b6baef526bf70ff220b1da4906989224b",
        "is_verified": false,
        "line_number": 434
      },
      {
        "type": "Secret Keyword",
        "filename": "backend/tests/integration/test_users_api.py",
        "hashed_secret": "8e312ec8dc5b1b2a8f2f435a96e615858c6b262f",
        "is_verified": false,
        "line_number": 440
      },
      {
        "type": "Secret Keyword",
        "filename": "backend/tests/integration/test_users_api.py",
        "hashed_secret": "6318553899daae2941718c02508aeee938af1a1c",
        "is_verified": false,
        "line_number": 458
      }
    ],
    "backend/tests/unit/test_config.py": [
      {
        "type": "Basic Auth Credentials",
        "filename": "backend/tests/unit/test_config.py",
        "hashed_secret": "41ac567127bfa7c547b09eb346273dbf0b5ae4b3",
        "is_verified": false,
        "line_number": 11
      },
      {
        "type": "Secret Keyword",
        "filename": "backend/tests/unit/test_config.py",
        "hashed_secret": "28bcbaafe30094f0fcd930185ba68caf021985e3",
        "is_verified": false,
        "line_number": 19
      },
      {
        "type": "Basic Auth Credentials",
        "filename": "backend/tests/unit/test_config.py",
        "hashed_secret": "3222ca7dfc8869069569d1447dfd9724187268aa",
        "is_verified": false,
        "line_number": 76
      },
      {
        "type": "Basic Auth Credentials",
        "filename": "backend/tests/unit/test_config.py",
        "hashed_secret": "4c39653e87a0bad98897585ad78e0c61563ed25d",
        "is_verified": false,
        "line_number": 81
      },
      {
        "type": "Basic Auth Credentials",
        "filename": "backend/tests/unit/test_config.py",
        "hashed_secret": "9d4e1e23bd5b727046a9e3b4b7db57bd8d6ee684",
        "is_verified": false,
        "line_number": 105
      }
    ],
    "docs/runbooks.md": [
      {
        "type": "Basic Auth Credentials",
        "filename": "docs/runbooks.md",
        "hashed_secret": "4c7b511054632890c495231e15364b45a114a64d",
        "is_verified": false,
        "line_number": 42
      },
      {
        "type": "Basic Auth Credentials",
        "filename": "docs/runbooks.md",
        "hashed_secret": "eeb6429fa0bd3112662a81446c795f90e2207191",
        "is_verified": false,
        "line_number": 43
      },
      {
        "type": "Basic Auth Credentials",
        "filename": "docs/runbooks.md",
        "hashed_secret": "54e24bc168b1759dac8796c9b90f6fa2eabfca76",
        "is_verified": false,
        "line_number": 95
      },
      {
        "type": "Basic Auth Credentials",
        "filename": "docs/runbooks.md",
        "hashed_secret": "949df9201e091dd8ffc79f0842fd26abf90111ed",
        "is_verified": false,
        "line_number": 96
      },
      {
        "type": "Secret Keyword",
        "filename": "docs/runbooks.md",
        "hashed_secret": "bd045d87e9ccee4a65e6d14831d599954438683c",
        "is_verified": false,
        "line_number": 564
      }
    ],
    "frontend/src/api/dashboard.ts": [
      {
        "type": "Secret Keyword",
        "filename": "frontend/src/api/dashboard.ts",
        "hashed_secret": "7e11adc67bac90de5add9de6a5417692dc9eab58",
        "is_verified": false,
        "line_number": 8
      }
    ],
    "frontend/src/test/App.test.tsx": [
      {
        "type": "Secret Keyword",
        "filename": "frontend/src/test/App.test.tsx",
        "hashed_secret": "dae93cb3f0925e2a0cf510065dbe0809e491d0b6",
        "is_verified": false,
        "line_number": 229
      },
      {
        "type": "Secret Keyword",
        "filename": "frontend/src/test/App.test.tsx",
        "hashed_secret": "12d48ca042b79e5c399b178e157eb0a14e4886fa",
        "is_verified": false,
        "line_number": 249
      },
      {
        "type": "Secret Keyword",
        "filename": "frontend/src/test/App.test.tsx",
        "hashed_secret": "f2b14f68eb995facb3a1c35287b778d5bd785511",
        "is_verified": false,
        "line_number": 279
      }
    ],
    "infra/docker-compose.yml": [
      {
        "type": "Secret Keyword",
        "filename": "infra/docker-compose.yml",
        "hashed_secret": "eeb6429fa0bd3112662a81446c795f90e2207191",
        "is_verified": false,
        "line_number": 7
      },
      {
        "type": "Secret Keyword",
        "filename": "infra/docker-compose.yml",
        "hashed_secret": "4c7b511054632890c495231e15364b45a114a64d",
        "is_verified": false,
        "line_number": 9
      },
      {
        "type": "Secret Keyword",
        "filename": "infra/docker-compose.yml",
        "hashed_secret": "edbd79e64b15105cdaa27fb7efd3c3e054eac138",
        "is_verified": false,
        "line_number": 42
      }
    ],
    "sdk/README.md": [
      {
        "type": "Secret Keyword",
        "filename": "sdk/README.md",
        "hashed_secret": "2648212f1cfca0d29b2e090468a7452acf15b5bd",
        "is_verified": false,
        "line_number": 250
      }
    ],
    "sdk/llm_obs_tests/test_tracer.py": [
      {
        "type": "Secret Keyword",
        "filename": "sdk/llm_obs_tests/test_tracer.py",
        "hashed_secret": "bfeb734d2eb5d0915145c1861248757d4fd32bc2",
        "is_verified": false,
        "line_number": 26
      }
    ]
  },
  "generated_at": "2026-07-24T08:04:14Z"
}
